ExBudget {exBudgetCPU = ExCPU 41957810, exBudgetMemory = ExMemory 136120}