ExBudget {exBudgetCPU = ExCPU 4157118, exBudgetMemory = ExMemory 13402}