ExBudget {exBudgetCPU = ExCPU 43180082, exBudgetMemory = ExMemory 140520}