ExBudget {exBudgetCPU = ExCPU 35795089, exBudgetMemory = ExMemory 101430}