ExBudget {exBudgetCPU = ExCPU 43118957, exBudgetMemory = ExMemory 140020}