ExBudget {exBudgetCPU = ExCPU 3353247, exBudgetMemory = ExMemory 10702}