ExBudget {exBudgetCPU = ExCPU 2489830, exBudgetMemory = ExMemory 7802}