ExBudget {exBudgetCPU = ExCPU 35645453, exBudgetMemory = ExMemory 113220}