(delay (lam case_True_174 (lam case_False_175 case_True_174)))