(delay (lam case_True_231 (lam case_False_232 case_True_231)))