(delay (lam case_True_172 (lam case_False_173 case_True_172)))