(delay (lam case_True_92 (lam case_False_93 case_True_92)))