(delay (lam case_True_70 (lam case_False_71 case_True_70)))