(program
  (let
    (nonrec)
    (datatypebind
      (datatype
        (tyvardecl Maybe (fun (type) (type)))
        (tyvardecl a (type))
        Maybe_match
        (vardecl Just (fun a [ Maybe a ])) (vardecl Nothing [ Maybe a ])
      )
    )
    (datatypebind
      (datatype (tyvardecl Unit (type))  Unit_match (vardecl Unit Unit))
    )
    (datatypebind
      (datatype
        (tyvardecl Bool (type))

        Bool_match
        (vardecl True Bool) (vardecl False Bool)
      )
    )
    (termbind
      (strict)
      (vardecl fail (fun (con unit) [ Maybe Bool ]))
      (lam
        ds
        (con unit)
        {
          [
            [
              [
                { (builtin trace) (fun Unit (all a (type) [ Maybe a ])) }
                (con
                  string
                  "CoverLocation (CovLoc {_covLocFile = \"test/Plugin/Coverage/Spec.hs\", _covLocStartLine = 40, _covLocEndLine = 40, _covLocStartCol = 26, _covLocEndCol = 33})"
                )
              ]
              (lam thunk Unit Nothing)
            ]
            Unit
          ]
          Bool
        }
      )
    )
    (termbind
      (strict)
      (vardecl equalsInteger (fun (con integer) (fun (con integer) (con bool))))
      (builtin equalsInteger)
    )
    (termbind
      (strict)
      (vardecl ifThenElse (all a (type) (fun (con bool) (fun a (fun a a)))))
      (builtin ifThenElse)
    )
    (termbind
      (strict)
      (vardecl equalsInteger (fun (con integer) (fun (con integer) Bool)))
      (lam
        x
        (con integer)
        (lam
          y
          (con integer)
          [ [ [ { ifThenElse Bool } [ [ equalsInteger x ] y ] ] True ] False ]
        )
      )
    )
    (termbind
      (nonstrict)
      (vardecl fEqInteger [ (lam a (type) (fun a (fun a Bool))) (con integer) ])
      equalsInteger
    )
    (termbind
      (strict)
      (vardecl bad_name (fun Bool (fun Bool Bool)))
      (lam
        ds
        Bool
        (lam
          x
          Bool
          [
            [
              [ { [ Bool_match ds ] (fun Unit Bool) } (lam thunk Unit x) ]
              (lam thunk Unit False)
            ]
            Unit
          ]
        )
      )
    )
    (termbind
      (strict)
      (vardecl
        bad_name
        (all
          a
          (type)
          (fun [ (lam a (type) (fun a (fun a Bool))) a ] (fun a (fun a Bool)))
        )
      )
      (abs a (type) (lam v [ (lam a (type) (fun a (fun a Bool))) a ] v))
    )
    (termbind
      (strict)
      (vardecl trace (all a (type) (fun (con string) (fun a a))))
      (builtin trace)
    )
    (termbind
      (strict)
      (vardecl traceBool (fun (con string) (fun (con string) (fun Bool Bool))))
      (lam
        trueLabel
        (con string)
        (lam
          falseLabel
          (con string)
          (lam
            c
            Bool
            [
              [
                [
                  { [ Bool_match c ] (fun Unit Bool) }
                  (lam thunk Unit [ [ { trace Bool } trueLabel ] True ])
                ]
                (lam thunk Unit [ [ { trace Bool } falseLabel ] False ])
              ]
              Unit
            ]
          )
        )
      )
    )
    (termbind
      (strict)
      (vardecl otherFun (fun (con integer) Bool))
      (lam
        x
        (con integer)
        [
          [
            [
              traceBool
              (con
                string
                "CoverBool (CovLoc {_covLocFile = \"test/Plugin/Coverage/Spec.hs\", _covLocStartLine = 43, _covLocEndLine = 43, _covLocStartCol = 1, _covLocEndCol = 32}) True"
              )
            ]
            (con
              string
              "CoverBool (CovLoc {_covLocFile = \"test/Plugin/Coverage/Spec.hs\", _covLocStartLine = 43, _covLocEndLine = 43, _covLocStartCol = 1, _covLocEndCol = 32}) False"
            )
          ]
          [
            [
              [
                { (builtin trace) (fun Unit Bool) }
                (con
                  string
                  "CoverLocation (CovLoc {_covLocFile = \"test/Plugin/Coverage/Spec.hs\", _covLocStartLine = 43, _covLocEndLine = 43, _covLocStartCol = 1, _covLocEndCol = 32})"
                )
              ]
              (lam
                thunk
                Unit
                [
                  [
                    bad_name
                    [
                      [
                        [
                          traceBool
                          (con
                            string
                            "CoverBool (CovLoc {_covLocFile = \"test/Plugin/Coverage/Spec.hs\", _covLocStartLine = 43, _covLocEndLine = 43, _covLocStartCol = 14, _covLocEndCol = 24}) True"
                          )
                        ]
                        (con
                          string
                          "CoverBool (CovLoc {_covLocFile = \"test/Plugin/Coverage/Spec.hs\", _covLocStartLine = 43, _covLocEndLine = 43, _covLocStartCol = 14, _covLocEndCol = 24}) False"
                        )
                      ]
                      [
                        [
                          [
                            { (builtin trace) (fun Unit Bool) }
                            (con
                              string
                              "CoverLocation (CovLoc {_covLocFile = \"test/Plugin/Coverage/Spec.hs\", _covLocStartLine = 43, _covLocEndLine = 43, _covLocStartCol = 14, _covLocEndCol = 24})"
                            )
                          ]
                          (lam
                            thunk
                            Unit
                            [
                              [
                                [ { bad_name (con integer) } fEqInteger ]
                                [
                                  [
                                    [
                                      {
                                        (builtin trace) (fun Unit (con integer))
                                      }
                                      (con
                                        string
                                        "CoverLocation (CovLoc {_covLocFile = \"test/Plugin/Coverage/Spec.hs\", _covLocStartLine = 43, _covLocEndLine = 43, _covLocStartCol = 15, _covLocEndCol = 16})"
                                      )
                                    ]
                                    (lam thunk Unit x)
                                  ]
                                  Unit
                                ]
                              ]
                              [
                                [
                                  [
                                    { (builtin trace) (fun Unit (con integer)) }
                                    (con
                                      string
                                      "CoverLocation (CovLoc {_covLocFile = \"test/Plugin/Coverage/Spec.hs\", _covLocStartLine = 43, _covLocEndLine = 43, _covLocStartCol = 22, _covLocEndCol = 23})"
                                    )
                                  ]
                                  (lam thunk Unit (con integer 5))
                                ]
                                Unit
                              ]
                            ]
                          )
                        ]
                        Unit
                      ]
                    ]
                  ]
                  [
                    [
                      [
                        { (builtin trace) (fun Unit Bool) }
                        (con
                          string
                          "CoverLocation (CovLoc {_covLocFile = \"test/Plugin/Coverage/Spec.hs\", _covLocStartLine = 43, _covLocEndLine = 43, _covLocStartCol = 28, _covLocEndCol = 32})"
                        )
                      ]
                      (lam thunk Unit True)
                    ]
                    Unit
                  ]
                ]
              )
            ]
            Unit
          ]
        ]
      )
    )
    (lam
      x
      [ Maybe (con integer) ]
      [
        [
          [
            { (builtin trace) (fun Unit [ Maybe Bool ]) }
            (con
              string
              "CoverLocation (CovLoc {_covLocFile = \"test/Plugin/Coverage/Spec.hs\", _covLocStartLine = 34, _covLocEndLine = 34, _covLocStartCol = 54, _covLocEndCol = 57})"
            )
          ]
          (lam
            thunk
            Unit
            [
              [
                [
                  {
                    [
                      { Maybe_match (con integer) }
                      [
                        [
                          [
                            {
                              (builtin trace) (fun Unit [ Maybe (con integer) ])
                            }
                            (con
                              string
                              "CoverLocation (CovLoc {_covLocFile = \"test/Plugin/Coverage/Spec.hs\", _covLocStartLine = 38, _covLocEndLine = 40, _covLocStartCol = 1, _covLocEndCol = 33})"
                            )
                          ]
                          (lam thunk Unit x)
                        ]
                        Unit
                      ]
                    ]
                    (fun Unit [ Maybe Bool ])
                  }
                  (lam
                    y
                    (con integer)
                    (lam
                      thunk
                      Unit
                      [
                        [
                          [
                            {
                              [
                                Bool_match
                                [
                                  [
                                    [
                                      traceBool
                                      (con
                                        string
                                        "CoverBool (CovLoc {_covLocFile = \"test/Plugin/Coverage/Spec.hs\", _covLocStartLine = 39, _covLocEndLine = 39, _covLocStartCol = 12, _covLocEndCol = 22}) True"
                                      )
                                    ]
                                    (con
                                      string
                                      "CoverBool (CovLoc {_covLocFile = \"test/Plugin/Coverage/Spec.hs\", _covLocStartLine = 39, _covLocEndLine = 39, _covLocStartCol = 12, _covLocEndCol = 22}) False"
                                    )
                                  ]
                                  [
                                    [
                                      [
                                        { (builtin trace) (fun Unit Bool) }
                                        (con
                                          string
                                          "CoverLocation (CovLoc {_covLocFile = \"test/Plugin/Coverage/Spec.hs\", _covLocStartLine = 39, _covLocEndLine = 39, _covLocStartCol = 12, _covLocEndCol = 22})"
                                        )
                                      ]
                                      (lam
                                        thunk
                                        Unit
                                        [
                                          otherFun
                                          [
                                            [
                                              [
                                                {
                                                  (builtin trace)
                                                  (fun Unit (con integer))
                                                }
                                                (con
                                                  string
                                                  "CoverLocation (CovLoc {_covLocFile = \"test/Plugin/Coverage/Spec.hs\", _covLocStartLine = 39, _covLocEndLine = 39, _covLocStartCol = 21, _covLocEndCol = 22})"
                                                )
                                              ]
                                              (lam thunk Unit y)
                                            ]
                                            Unit
                                          ]
                                        ]
                                      )
                                    ]
                                    Unit
                                  ]
                                ]
                              ]
                              (fun Unit [ Maybe Bool ])
                            }
                            (lam
                              thunk
                              Unit
                              [
                                [
                                  [
                                    {
                                      (builtin trace) (fun Unit [ Maybe Bool ])
                                    }
                                    (con
                                      string
                                      "CoverLocation (CovLoc {_covLocFile = \"test/Plugin/Coverage/Spec.hs\", _covLocStartLine = 39, _covLocEndLine = 39, _covLocStartCol = 26, _covLocEndCol = 36})"
                                    )
                                  ]
                                  (lam
                                    thunk
                                    Unit
                                    [
                                      { Just Bool }
                                      [
                                        [
                                          [
                                            { (builtin trace) (fun Unit Bool) }
                                            (con
                                              string
                                              "CoverLocation (CovLoc {_covLocFile = \"test/Plugin/Coverage/Spec.hs\", _covLocStartLine = 39, _covLocEndLine = 39, _covLocStartCol = 31, _covLocEndCol = 36})"
                                            )
                                          ]
                                          (lam thunk Unit False)
                                        ]
                                        Unit
                                      ]
                                    ]
                                  )
                                ]
                                Unit
                              ]
                            )
                          ]
                          (lam thunk Unit [ fail (con unit ()) ])
                        ]
                        Unit
                      ]
                    )
                  )
                ]
                (lam thunk Unit [ fail (con unit ()) ])
              ]
              Unit
            ]
          )
        ]
        Unit
      ]
    )
  )
)